<html>
<body>
<pre>
<h1>µVision Build Log</h1>
<h2>Tool Versions:</h2>
IDE-Version: µVision V5.17.0.0
Copyright (C) 2015 ARM Ltd and ARM Germany GmbH. All rights reserved.
License Information: cristian rojas, umng, LIC=----
 
Tool Versions:
Toolchain:       MDK-Lite  Version: 5.17
Toolchain Path:  D:\ARM\ARMCC\Bin
C Compiler:      Armcc.exe V5.06 update 1 (build 61)
Assembler:       Armasm.exe V5.06 update 1 (build 61)
Linker/Locator:  ArmLink.exe V5.06 update 1 (build 61)
Library Manager: ArmAr.exe V5.06 update 1 (build 61)
Hex Converter:   FromElf.exe V5.06 update 1 (build 61)
CPU DLL:         SARMCM3.DLL V5.17
Dialog DLL:      DCM.DLL V1.13.4.0
Target DLL:      STLink\ST-LINKIII-KEIL_SWO.dll V2.0.18.0
Dialog DLL:      TCM.DLL V1.14.6.0
 
<h2>Project:</h2>
G:\5TO SEMESTRE\MICROS\LAB. MICROS\LAB 3\LAB3.uvproj
Project File Date:  09/17/2016

<h2>Output:</h2>
*** Using Compiler 'V5.06 update 1 (build 61)', folder: 'D:\ARM\ARMCC\Bin'
Rebuild target 'Target 1'
assembling startup_stm32f40_41xxx.s...
compiling system_stm32f4xx.c...
"no source": Error:  #5: cannot open source input file "C:\Keil_v5\ARM\Startup\ST\STM32F4xx\system_stm32f4xx.c": No such file or directory
C:\Keil_v5\ARM\Startup\ST\STM32F4xx\system_stm32f4xx.c: 0 warnings, 1 error
compiling LAB3.cpp...
LAB3.cpp(11): warning:  #940-D: missing return statement at end of non-void function "delay"
  }
LAB3.cpp(65): warning:  #1-D: last line of file ends without a newline
  }
LAB3.cpp: 2 warnings, 0 errors
linking...
Program Size: Code=3604 RO-data=424 RW-data=4 ZI-data=1044  
FromELF: creating hex file...
".\Objects\LAB3.axf" - 0 Error(s), 2 Warning(s).
Build Time Elapsed:  00:00:09
</pre>
</body>
</html>
